src/hooks/useProjectManager.ts(14,19): error TS2561: Object literal may only specify known properties, but 'developer_id' does not exist in type 'Partial<Project>'. Did you mean to write 'developerId'?
src/services/projectService.ts(18,16): error TS2352: Conversion of type '{ organizationId: string | null; address: string | null; created_at: string | null; developer_id: string | null; id: string; name: string; notes: string | null; organization_id: string | null; status: string | null; }[]' to type 'Project[]' may be a mistake because neither type sufficiently overlaps with the other. If this was intentional, convert the expression to 'unknown' first.
  Property 'developerId' is missing in type '{ organizationId: string | null; address: string | null; created_at: string | null; developer_id: string | null; id: string; name: string; notes: string | null; organization_id: string | null; status: string | null; }' but required in type 'Project'.
src/services/projectService.ts(53,16): error TS2352: Conversion of type '{ organizationId: string | null; address: string | null; created_at: string | null; developer_id: string | null; id: string; name: string; notes: string | null; organization_id: string | null; status: string | null; }' to type 'Project' may be a mistake because neither type sufficiently overlaps with the other. If this was intentional, convert the expression to 'unknown' first.
  Property 'developerId' is missing in type '{ organizationId: string | null; address: string | null; created_at: string | null; developer_id: string | null; id: string; name: string; notes: string | null; organization_id: string | null; status: string | null; }' but required in type 'Project'.
