src/services/clientService.ts(39,28): error TS2339: Property 'preferences' does not exist on type '{ address: string; birth_date: string; city: string; cpf_cnpj: string; created_at: string; email: string; id: string; name: string; neighborhood: string; notes: string; number: string; phone: string; state: string; status: string; zip_code: string; }'.
src/services/clientService.ts(61,13): error TS2353: Object literal may only specify known properties, and 'preferences' does not exist in type '{ address?: string; birth_date?: string; city?: string; cpf_cnpj?: string; created_at?: string; email?: string; id?: string; name: string; neighborhood?: string; notes?: string; number?: string; phone?: string; state?: string; status?: string; zip_code?: string; }'.
src/supabase_types.ts(481,14): error TS2536: Type '"Tables"' cannot be used to index type 'Database[PublicTableNameOrOptions["schema"]]'.
src/supabase_types.ts(482,9): error TS2536: Type '"Views"' cannot be used to index type 'Database[PublicTableNameOrOptions["schema"]]'.
src/supabase_types.ts(485,8): error TS2536: Type '"Tables"' cannot be used to index type 'Database[PublicTableNameOrOptions["schema"]]'.
src/supabase_types.ts(486,9): error TS2536: Type '"Views"' cannot be used to index type 'Database[PublicTableNameOrOptions["schema"]]'.
src/supabase_types.ts(506,13): error TS2536: Type '"Tables"' cannot be used to index type 'Database[PublicTableNameOrOptions["schema"]]'.
src/supabase_types.ts(509,7): error TS2536: Type '"Tables"' cannot be used to index type 'Database[PublicTableNameOrOptions["schema"]]'.
src/supabase_types.ts(527,13): error TS2536: Type '"Tables"' cannot be used to index type 'Database[PublicTableNameOrOptions["schema"]]'.
src/supabase_types.ts(530,7): error TS2536: Type '"Tables"' cannot be used to index type 'Database[PublicTableNameOrOptions["schema"]]'.
src/supabase_types.ts(548,13): error TS2536: Type '"Enums"' cannot be used to index type 'Database[PublicEnumNameOrOptions["schema"]]'.
src/supabase_types.ts(551,7): error TS2536: Type '"Enums"' cannot be used to index type 'Database[PublicEnumNameOrOptions["schema"]]'.
src/supabase_types.ts(563,13): error TS2536: Type '"CompositeTypes"' cannot be used to index type 'Database[PublicCompositeTypeNameOrOptions["schema"]]'.
src/supabase_types.ts(566,7): error TS2536: Type '"CompositeTypes"' cannot be used to index type 'Database[PublicCompositeTypeNameOrOptions["schema"]]'.
src/supabaseClient.ts(5,33): error TS2339: Property 'env' does not exist on type 'ImportMeta'.
src/supabaseClient.ts(6,37): error TS2339: Property 'env' does not exist on type 'ImportMeta'.
trash_backup/Agents.tsx(3,24): error TS2307: Cannot find module '../context/AppProvider' or its corresponding type declarations.
trash_backup/Agents.tsx(4,23): error TS2307: Cannot find module '../types' or its corresponding type declarations.
trash_backup/Agents.tsx(5,56): error TS2307: Cannot find module '../utils' or its corresponding type declarations.
trash_backup/CashFlow.tsx(3,24): error TS2307: Cannot find module '../context/AppProvider' or its corresponding type declarations.
trash_backup/CashFlow.tsx(4,65): error TS2307: Cannot find module '../types' or its corresponding type declarations.
trash_backup/CashFlow.tsx(5,56): error TS2307: Cannot find module '../utils' or its corresponding type declarations.
trash_backup/Categories.tsx(3,24): error TS2307: Cannot find module '../context/AppProvider' or its corresponding type declarations.
trash_backup/Categories.tsx(4,28): error TS2307: Cannot find module '../utils' or its corresponding type declarations.
trash_backup/Categories.tsx(5,43): error TS2307: Cannot find module '../types' or its corresponding type declarations.
trash_backup/Clients.tsx(3,24): error TS2307: Cannot find module '../context/AppProvider' or its corresponding type declarations.
trash_backup/Clients.tsx(4,24): error TS2307: Cannot find module '../types' or its corresponding type declarations.
trash_backup/Clients.tsx(5,28): error TS2307: Cannot find module '../utils' or its corresponding type declarations.
trash_backup/Dashboard.tsx(3,24): error TS2307: Cannot find module '../context/AppProvider' or its corresponding type declarations.
trash_backup/Dashboard.tsx(4,44): error TS2307: Cannot find module '../utils' or its corresponding type declarations.
trash_backup/Developers.tsx(3,24): error TS2307: Cannot find module '../context/AppProvider' or its corresponding type declarations.
trash_backup/Developers.tsx(4,27): error TS2307: Cannot find module '../types' or its corresponding type declarations.
trash_backup/Developers.tsx(5,28): error TS2307: Cannot find module '../utils' or its corresponding type declarations.
trash_backup/Finance.tsx(3,24): error TS2307: Cannot find module '../context/AppProvider' or its corresponding type declarations.
trash_backup/Finance.tsx(4,65): error TS2307: Cannot find module '../types' or its corresponding type declarations.
trash_backup/Finance.tsx(5,56): error TS2307: Cannot find module '../utils' or its corresponding type declarations.
trash_backup/Login.tsx(5,24): error TS2307: Cannot find module '../context/AppProvider' or its corresponding type declarations.
trash_backup/Login.tsx(6,26): error TS2307: Cannot find module '../types' or its corresponding type declarations.
trash_backup/Reports.tsx(3,26): error TS2307: Cannot find module './supabaseClient' or its corresponding type declarations.
trash_backup/Reports.tsx(4,24): error TS2307: Cannot find module './context/AppProvider' or its corresponding type declarations.
trash_backup/Reports.tsx(5,59): error TS2307: Cannot find module './utils' or its corresponding type declarations.
